WARNING  2025-05-29 16:52:57 [pytest_result_log:122] : -----------Start: tests/test_run_action.py::test_run_action_lock_lock-----------
INFO     2025-05-29 16:53:02 [pytest_result_log:190] : test status is PASSED (tests/test_run_action.py::test_run_action_lock_lock): 
WARNING  2025-05-29 16:53:02 [pytest_result_log:128] : ------------End: tests/test_run_action.py::test_run_action_lock_lock------------
